exports[`test renders correctly 1`] = `
<div>
  <div
    className="txt-s color-darken50 px42">
    <svg
      className="icon inline-block align-middle">
      <use
        xlinkHref="#icon-arrow-up" />
    </svg>
    100
    m -
    <svg
      className="icon inline-block align-middle">
      <use
        xlinkHref="#icon-arrow-down" />
    </svg>
    80
    m
  </div>
  <AreaChart
    barCategoryGap="10%"
    barGap={4}
    data={
      Array [
        Object {
          "e": 0,
        },
        Object {
          "e": 30,
        },
        Object {
          "e": 50,
        },
        Object {
          "e": 100,
        },
        Object {
          "e": 75,
        },
        Object {
          "e": 20,
        },
      ]
    }
    height={100}
    layout="horizontal"
    margin={
      Object {
        "bottom": 12,
        "left": 42,
        "right": 42,
        "top": 0,
      }
    }
    stackOffset="none"
    width={420}>
    <YAxis
      allowDataOverflow={false}
      allowDecimals={true}
      domain={
        Array [
          0,
          "auto",
        ]
      }
      height={0}
      hide={false}
      mirror={false}
      orientation="right"
      padding={
        Object {
          "bottom": 0,
          "top": 0,
        }
      }
      reversed={false}
      scale="auto"
      tickCount={5}
      type="number"
      width={60}
      yAxisId={0} />
    <Area
      activeDot={true}
      animationBegin={0}
      animationDuration={1500}
      animationEasing="ease"
      connectNulls={false}
      dataKey="e"
      dot={null}
      fill="#2abaf7"
      fillOpacity={0.5}
      hide={false}
      isAnimationActive={true}
      legendType="line"
      points={Array []}
      stroke="#2abaf7"
      strokeWidth={2}
      type="monotone"
      xAxisId={0}
      yAxisId={0} />
  </AreaChart>
</div>
`;
